<?xml version="1.0" encoding="UTF-8" ?>
<testsuites name="vitest tests" tests="1" failures="0" errors="0" time="0.02734202">
    <testsuite name="src/hooks/useOnlineStatus.test.tsx" timestamp="2026-04-22T02:24:35.128Z" hostname="93d10b6f5a29" tests="1" failures="0" errors="0" skipped="0" time="0.02734202">
        <testcase classname="src/hooks/useOnlineStatus.test.tsx" name="useOnlineStatus &gt; reacts to online and offline browser events" time="0.023106751">
        </testcase>
    </testsuite>
</testsuites>
